0x200 $ gcc -o cmd commandline.c
0x200 $ ./cmd
1個のコマンドライン引数が与えられました:
引数#0: ./cmd
0x200 $ ./cmd this is a test
5個のコマンドライン引数が与えられました:
引数#0: ./cmd
引数#1: this
引数#2: is
引数#3: a
引数#4: test
0x200 $ ./cmd I am very sleepy now
6個のコマンドライン引数が与えられました:
引数#0: ./cmd
引数#1: I
引数#2: am
引数#3: very
引数#4: sleepy
引数#5: now

0x200 $ gcc -o cvt convert.c
0x200 $ ./cvt 'Hello, world!' 3
3回繰り返します。
  0 - Hello, world!
  1 - Hello, world!
  2 - Hello, world!
0x200 $ ./cvt 'Hello, world!'
使用方法: ./cvt<メッセージ><繰り返し回数>


0x200 $ gcc -o cvt2 convert2.c
0x200 $ ./cvt2 test
Segmentation fault: 11


0x200 $ gdb -q ./cvt2
Reading symbols from ./cvt2...(no debugging symbols found)...done.
(gdb) run test
Starting program: /Users/aquan/git/hacking/0x200/cvt2 test
[New Thread 0x2503 of process 4025]
warning: unhandled dyld version (15)

Thread 2 received signal SIGSEGV, Segmentation fault.
0x00007fff6d952ea0 in ?? ()
(gdb) where
#0  0x00007fff6d952ea0 in ?? ()
#1  0x0000000000000000 in ?? ()
(gdb) break main
Breakpoint 1 at 0x100000e94
(gdb) run test
The program being debugged has been started already.
Start it from the beginning? (y or n) y
Starting program: /Users/aquan/git/hacking/0x200/cvt2 test
[New Thread 0x2303 of process 4027]
warning: unhandled dyld version (15)

Thread 2 hit Breakpoint 1, 0x0000000100000e94 in main ()
(gdb) cont
Continuing.

Thread 2 received signal SIGSEGV, Segmentation fault.
0x00007fff6d952ea0 in ?? ()
(gdb) x/3xw 0x0000000100000e94
0x100000e94 <main+4>:	0x20ec8348	0x00fc45c7	0x89000000
(gdb) x/s 0x20ec8348
0x20ec8348:	<error: Cannot access memory at address 0x20ec8348>
(gdb) x/s 0x00fc45c7
0xfc45c7:	<error: Cannot access memory at address 0xfc45c7>
(gdb) x/s 0x89000000
0x89000000:	<error: Cannot access memory at address 0x89000000>
(gdb) quit
A debugging session is active.

	Inferior 1 [process 4027] will be killed.

Quit anyway? (y or n) y
