0x200 $ gcc -g -o pointer pointer.c
0x200 $ gdb -q ./pointer
/Users/aquan/.gdbinit:1: Error in sourced command file:
Ambiguous set command "dis intel": disable-randomization, disassemble-next-line, disassembler-options, disassembly-flavor...
Reading symbols from ./pointer...Reading symbols from /Users/aquan/git/hacking/0x200/pointer.dSYM/Contents/Resources/DWARF/pointer...done.
done.
(gdb) list
1	#include <stdio.h>
2	#include <string.h>
3
4	int main(){
5	  char str_a[20];
6	  char *pointer;
7	  char *pointer2;
8
9	  strcpy(str_a, "Hello, world!\n");
10	  pointer = str_a;
(gdb)
11	  printf("%s", pointer);
12
13	  pointer2 = pointer + 2;
14	  printf("%s", pointer2);
15	  strcpy(pointer2, "y you guys!\n");
16	  printf("%s", pointer);
17	}
(gdb) break 11
Breakpoint 1 at 0x100000ecc: file pointer.c, line 11.
(gdb) run
Starting program: /Users/aquan/git/hacking/0x200/pointer
[New Thread 0x2603 of process 3475]
warning: unhandled dyld version (15)

Thread 2 hit Breakpoint 1, main () at pointer.c:11
11	  printf("%s", pointer);
(gdb) x/xw pointer
0x7ffeefbffa30:	0x6c6c6548
(gdb) x/s pointer
0x7ffeefbffa30:	"Hello, world!\n"
(gdb) x/xw &pointer
0x7ffeefbffa28:	0xefbffa30
(gdb) print &pointer
$1 = (char **) 0x7ffeefbffa28
(gdb) print pointer
$2 = 0x7ffeefbffa30 "Hello, world!\n"
(gdb) quit
A debugging session is active.

	Inferior 1 [process 3475] will be killed.

Quit anyway? (y or n) y
0x200 $ gcc -g -o address addressof.c
0x200 $ gdb -q ./address
/Users/aquan/.gdbinit:1: Error in sourced command file:
Ambiguous set command "dis intel": disable-randomization, disassemble-next-line, disassembler-options, disassembly-flavor...
Reading symbols from ./address...Reading symbols from /Users/aquan/git/hacking/0x200/address.dSYM/Contents/Resources/DWARF/address...done.
done.
(gdb) list
1	#include <stdio.h>
2
3	int main(){
4	  int int_var = 5;
5	  int *int_ptr;
6
7	  int_ptr = &int_var;
8	}
(gdb) break 8
Breakpoint 1 at 0x100000fb5: file addressof.c, line 8.
(gdb) run
Starting program: /Users/aquan/git/hacking/0x200/address
[New Thread 0x1903 of process 3499]
warning: unhandled dyld version (15)

Thread 2 hit Breakpoint 1, main () at addressof.c:8
8	}
(gdb) print int_var
$1 = 5
(gdb) print &int_var
$2 = (int *) 0x7ffeefbffa4c
(gdb) print int_ptr
$3 = (int *) 0x7ffeefbffa4c
(gdb) print &int_ptr
$4 = (int **) 0x7ffeefbffa40
(gdb) print *int_ptr
$5 = 5
(gdb) quit
A debugging session is active.

	Inferior 1 [process 3499] will be killed.

Quit anyway? (y or n) y

0x200 $ gcc -o address2 addressof2.c
0x200 $ ./address2
int_ptr = 0xebdaeadc
&int_ptr = 0xebdaead0
*int_ptr = 0x00000005

int_varの格納場所は0xebdaeadc その内容は5
int_ptrの格納場所は0xebdaead0 その内容は0xebdaeadc 指している内容は5
